==2699743== Memcheck, a memory error detector
==2699743== Copyright (C) 2002-2017, and GNU GPL'd, by Julian Seward et al.
==2699743== Using Valgrind-3.18.1 and LibVEX; rerun with -h for copyright info
==2699743== Command: ./fdf ./maps/42.fdf
==2699743== Parent PID: 2691189
==2699743== 
==2699743== 
==2699743== HEAP SUMMARY:
==2699743==     in use at exit: 317,955 bytes in 3,107 blocks
==2699743==   total heap usage: 77,697 allocs, 74,590 frees, 39,385,581 bytes allocated
==2699743== 
==2699743== LEAK SUMMARY:
==2699743==    definitely lost: 0 bytes in 0 blocks
==2699743==    indirectly lost: 0 bytes in 0 blocks
==2699743==      possibly lost: 0 bytes in 0 blocks
==2699743==    still reachable: 0 bytes in 0 blocks
==2699743==         suppressed: 317,955 bytes in 3,107 blocks
==2699743== 
==2699743== For lists of detected and suppressed errors, rerun with: -s
==2699743== ERROR SUMMARY: 0 errors from 0 contexts (suppressed: 3 from 3)
